2026-08-18 22:34:43.007 +03:00 [WRN] No instantiatable types implementing `IEntityTypeConfiguration` were found while scanning assembly 'Users.Infrastructure, Version=1.0.0.0, Culture=neutral, PublicKeyToken=null'.
2026-08-18 22:38:52.584 +03:00 [WRN] No instantiatable types implementing `IEntityTypeConfiguration` were found while scanning assembly 'Users.Infrastructure, Version=1.0.0.0, Culture=neutral, PublicKeyToken=null'.
2026-08-18 22:38:54.107 +03:00 [ERR] An error occurred using the connection to database 'users' on server 'tcp://lacarte-users-db:5432'.
2026-08-18 22:39:22.811 +03:00 [WRN] No instantiatable types implementing `IEntityTypeConfiguration` were found while scanning assembly 'Users.Infrastructure, Version=1.0.0.0, Culture=neutral, PublicKeyToken=null'.
2026-08-18 22:39:23.170 +03:00 [INF] Executed DbCommand (17ms) [Parameters=[], CommandType='"Text"', CommandTimeout='30']
SELECT "MigrationId", "ProductVersion"
FROM "__EFMigrationsHistory"
ORDER BY "MigrationId";
2026-08-18 22:39:23.288 +03:00 [INF] Executed DbCommand (3ms) [Parameters=[], CommandType='"Text"', CommandTimeout='30']
SELECT 1
2026-08-18 22:39:23.329 +03:00 [INF] Executed DbCommand (3ms) [Parameters=[], CommandType='"Text"', CommandTimeout='30']
CREATE TABLE IF NOT EXISTS "__EFMigrationsHistory" (
    "MigrationId" character varying(150) NOT NULL,
    "ProductVersion" character varying(32) NOT NULL,
    CONSTRAINT "PK___EFMigrationsHistory" PRIMARY KEY ("MigrationId")
);
2026-08-18 22:39:23.337 +03:00 [INF] Acquiring an exclusive lock for migration application. See https://aka.ms/efcore-docs-migrations-lock for more information if this takes too long.
2026-08-18 22:39:23.338 +03:00 [INF] Executed DbCommand (1ms) [Parameters=[], CommandType='"Text"', CommandTimeout='30']
LOCK TABLE "__EFMigrationsHistory" IN ACCESS EXCLUSIVE MODE
2026-08-18 22:39:23.339 +03:00 [INF] Executed DbCommand (1ms) [Parameters=[], CommandType='"Text"', CommandTimeout='30']
SELECT "MigrationId", "ProductVersion"
FROM "__EFMigrationsHistory"
ORDER BY "MigrationId";
2026-08-18 22:39:23.342 +03:00 [INF] No migrations were applied. The database is already up to date.
